2     0     RX              
2     2     RXEXCLUD        
2     20    RX_NET    
2     27	FILLKERNRX      
2     32    RXPIN           
2     35    RXFILL          
2     45    SRAMRX          
2     84    RXING           
2     98    RX_JUNK         
3     0     T3              
3     20    T3_NET          
3     32    T3PIN           
4     0     NW              
4     20    NW_NET          
4     32    NWPIN           
4     61    NWRES           
4     98    NW_JUNK
5     0     BF              
5     5     BFMOAT          
6     2     HN              
6     3     HP              
7     0     PC              
7     2     PCEXCLUD        
7     4     PCING           
7     9     RP              
7     20    PC_NET          
7     22    PC_RES 
7     27	FILLKERNPC
7     32    PCPIN           
7     34    PCOBS           
7     35    PCFILL          
7     44    PCFUSE          
7     45    SRAMPC          
7     84    PCINGAST        
7     95    PCCRIT          
7     99    PC_JUNK         
8     0     BH              
9     0     PH              
10    0     BP              
11    0     BN              
12    1     XW              
12    3     LW              
12    4     DG              
12    7     DE              
12    8     NR              
12    9     PR              
12    12    DF              
12    18    AE              
12    21    DGV             
12    24    VAR             
12    30    NV              
12    31    PV              
12    38    IND             
12    43    EG              
12    47    NCAP            
12    48    SBLK            
12    50    LVT             
12    54    BIPOLAR         
12    62    PROBE           
12    66    XR              
12    71    GUARDRNG        
12    72    IG              
12    82    ESD             
12    84    INJECTOR_CDE    
12    86    PCAP            
12    88    ESD_CDM         
12    94    ESD_HBM         
12    97    ESD_HBMSP       
12    98    EFUSE           
12    101   JD              
12    103   HB              
12    105   ZVT             
12    106   HVT             
12    125   IN              
12    126   IP              
12    127   JN              
12    128   JP              
12    135   K7
12    144   CLVS            
12    154   ZP              
12    163   OVERDRIVE       
12    188   KN              
12    189   KP              
12    195   GN              
12    196   GP              
12    197   IGV             
12    201   PRES            
12    206   WNSRAM          
12    207   WPSRAM          
12    211   SRC             
12    212   ADM             
12    217   LS              
12    218   SM              
12    219   ESD_STACK       
12    222   DRES            
12    224   WLINE           
12    225   DG12V           
12    227   ESD_CLAMP       
12    229   SRMWRDLN        
12    230   DNS_SRAM        
12    231   STD_SRAM        
12    232   DPR_SRAM        
12    240   HVT15V          
14    0     CA              
14    1     CABAR           
14    34    CAOBS           
14    35    CAFILL          
14    45    SRAMCA          
14    62    CAESD_FINGER    
14    84    CAING           
14    88    CAREC           
14    98    CA_JUNK         
14    100   CAHOLE          
15    0     M1              
15    1     M1HOLE          
15    2     M1EXCLUD        
15    18    M1TRANS         
15    20    M1_NET          
15    22    M1_RES          
15    27	FILLKERNM1
15    32    M1PIN           
15    34    M1OBS           
15    35    M1FILL          
15    45    SRAMM1          
15    47    M1CHEXCL        
15    60    M1ESD           
15    62    M1ESD_FINGER    
15    80    VNCAP_M1        
15    84    M1ING           
15    89    M1PLANE         
15    90    M1_IMAGELVS     
15    91    M1VIA_IMAGELVS  
15    98    M1_JUNK         
16    0     V1              
16    1     V1BAR           
16    3     V1EXCLUD        
16    5     V1RV            
16    34    V1OBS           
16    35    V1FILL          
16    51    V1HOLE          
16    62    V1ESD_FINGER    
16    84    V1ING           
17    0     M2              
17    1     M2HOLE          
17    2     M2EXCLUD        
17    18    M2TRANS         
17    20    M2_NET          
17    22    M2_RES          
17    27	FILLKERNM2
17    32    M2PIN           
17    34    M2OBS           
17    35    M2FILL          
17    47    M2CHEXCL        
17    60    M2ESD           
17    62    M2ESD_FINGER    
17    80    VNCAP_M2        
17    84    M2ING           
17    89    M2PLANE         
17    90    M2_IMAGELVS     
17    91    M2VIA_IMAGELVS  
17    98    M2_JUNK         
18    0     V2              
18    1     V2BAR           
18    3     V2EXCLUD        
18    5     V2RV            
18    34    V2OBS           
18    35    V2FILL          
18    51    V2HOLE          
18    62    V2ESD_FINGER    
18    84    V2ING           
19    0     M3              
19    1     M3HOLE          
19    2     M3EXCLUD        
19    18    M3TRANS         
19    20    M3_NET          
19    22    M3_RES          
19    27	FILLKERNM3
19    32    M3PIN           
19    34    M3OBS           
19    35    M3FILL          
19    47    M3CHEXCL        
19    60    M3ESD           
19    62    M3ESD_FINGER    
19    80    VNCAP_M3        
19    84    M3ING           
19    89    M3PLANE         
19    90    M3_IMAGELVS     
19    91    M3VIA_IMAGELVS  
19    98    M3_JUNK         
20    0     V3              
20    1     V3BAR           
20    3     V3EXCLUD        
20    5     V3RV            
20    34    V3OBS           
20    35    V3FILL          
20    51    V3HOLE          
20    62    V3ESD_FINGER    
20    84    V3ING           
21    0     M4              
21    1     M4HOLE          
21    2     M4EXCLUD        
21    18    M4TRANS         
21    20    M4_NET          
21    22    M4_RES          
21    27	FILLKERNM4
21    32    M4PIN           
21    34    M4OBS           
21    35    M4FILL          
21    47    M4CHEXCL        
21    60    M4ESD           
21    62    M4ESD_FINGER    
21    80    VNCAP_M4        
21    84    M4ING           
21    89    M4PLANE         
21    90    M4_IMAGELVS     
21    91    M4VIA_IMAGELVS  
21    98    M4_JUNK         
22    0     V4              
22    1     V4BAR           
22    3     V4EXCLUD        
22    5     V4RV            
22    34    V4OBS           
22    35    V4FILL          
22    51    V4HOLE          
22    62    V4ESD_FINGER    
22    84    V4ING           
26    0     TV              
26    1     TVDUMMY         
26    34    TVOBS           
27    1     DV              
27    35    DVOBS           
28    0     LV              
28    1     LVDUMMY         
28    34    LVOBS           
30    4     QT              
30    8     QV
30    20    HT              
31    0     M5              
31    1     M5HOLE          
31    2     M5EXCLUD        
31    18    M5TRANS         
31    20    M5_NET          
31    22    M5_RES          
31    27	FILLKERNM5
31    32    M5PIN           
31    34    M5OBS           
31    35    M5FILL          
31    47    M5CHEXCL        
31    60    M5ESD           
31    62    M5ESD_FINGER    
31    80    VNCAP_M5        
31    84    M5ING           
31    89    M5PLANE         
31    90    M5_IMAGELVS     
31    91    M5VIA_IMAGELVS  
31    98    M5_JUNK         
32    0     V5              
32    1     V5BAR           
32    3     V5EXCLUD        
32    5     V5RV            
32    34    V5OBS           
32    35    V5FILL          
32    51    V5HOLE          
32    62    V5ESD_FINGER    
32    84    V5ING           
37    0     OP              
37    27    OPSOCKET        
41    0     C4              
41    2     C4_PAD          
41    3     C4_PLL          
41    20    C4_JUNK         
41    25    BONDPAD         
42    0     C4_NET          
44    0     M6              
44    1     M6HOLE          
44    2     M6EXCLUD        
44    18    M6TRANS         
44    20    M6_NET          
44    22    M6_RES          
44    27	FILLKERNM6
44    32    M6PIN           
44    34    M6OBS           
44    35    M6FILL          
44    47    M6CHEXCL        
44    60    M6ESD           
44    62    M6ESD_FINGER    
44    80    VNCAP_M6        
44    84    M6ING           
44    89    M6PLANE         
44    90    M6_IMAGELVS     
44    91    M6VIA_IMAGELVS  
44    98    M6_JUNK         
45    0     V6              
45    1     V6BAR           
45    3     V6EXCLUD        
45    5     V6RV            
45    34    V6OBS           
45    35    V6FILL          
45    51    V6HOLE          
45    62    V6ESD_FINGER    
45    84    V6ING           
60    0     EDGELAYER       
60    32    EDGELAYERPIN    
61    0     QQQUSER         
61    1     METH_A1
61    2     METH_A2
61    30    SXCUT           
61    31    SXCUT_NET       
61    33    SXCUT_PIN       
61    98    SXCUT_JUNK
62    0     WVR             
62    1     CHIPEDGE        
62    4     DIODE           
62    5     LOGOBND         
62    20    ALPHA           
62    21    OUTLINE         
62    22    OUT_TEXT        
62    25    ALPHA_AUDIT     
62    31    C4TAG           
62    40    ALPHA_IMAGE1    
62    41    ALPHA_IMAGE2    
62    65    OUTLINE_RF      
62    120   VNCAP           
62    123   SPIND           
63    0     TEXT          
63    3     DUALPOLY        
63    22    WVR370          
63    63    ALPHA_IP        
63    101   ALPHA_DEV       
63    103   CELLSNR         
63    104   VNCAP_PARM      
63    105   VNCAP_COUNT     
63    106   PCXPNE25        
69    0     LB              
69    2     LBEXCLUD        
69    18    LBTRANS         
69    20    LB_NET          
69    22    LB_RES          
69    32    LBPIN           
69    34    LBOBS           
69    35    LBFILL          
69    60    LBESD           
69    62    LBESD_FINGER    
69    98    LB_JUNK         
70    0     VV              
70    1     VVBAR           
70    34    VVOBS           
70    62    VVESD_FINGER    
78    100   W0              
78    101   W0BAR           
78    103   W0EXCLUD        
78    105   W0RV            
78    134   W0OBS           
78    135   W0FILL          
78    151   W0HOLE          
78    162   W0ESD_FINGER    
78    184   W0ING           
79    100   B1              
79    101   B1HOLE          
79    102   B1EXCLUD        
79    120   B1_NET          
79    122   B1_RES          
79    127	FILLKERNB1
79    132   B1PIN           
79    134   B1OBS           
79    135   B1FILL          
79    147   B1CHEXCL        
79    160   B1ESD           
79    162   B1ESD_FINGER    
79    180   VNCAP_B1        
79    184   B1ING           
79    189   B1PLANE         
79    198   B1_JUNK         
80    100   W1              
80    101   W1BAR           
80    103   W1EXCLUD        
80    105   W1RV            
80    134   W1OBS           
80    135   W1FILL          
80    151   W1HOLE          
80    162   W1ESD_FINGER    
80    184   W1ING           
81    100   B2              
81    101   B2HOLE          
81    102   B2EXCLUD        
81    120   B2_NET          
81    122   B2_RES          
81    127	FILLKERNB2
81    132   B2PIN           
81    134   B2OBS           
81    135   B2FILL          
81    147   B2CHEXCL        
81    160   B2ESD           
81    162   B2ESD_FINGER    
81    180   VNCAP_B2        
81    184   B2ING           
81    189   B2PLANE         
81    198   B2_JUNK         
82    100   W2              
82    101   W2BAR           
82    103   W2EXCLUD        
82    105   W2RV            
82    134   W2OBS           
82    135   W2FILL          
82    151   W2HOLE          
82    162   W2ESD_FINGER    
82    184   W2ING           
83    100   B3              
83    101   B3HOLE          
83    102   B3EXCLUD        
83    120   B3_NET          
83    122   B3_RES          
83    127	FILLKERNB3
83    132   B3PIN           
83    134   B3OBS           
83    135   B3FILL          
83    147   B3CHEXCL        
83    160   B3ESD           
83    162   B3ESD_FINGER    
83    180   VNCAP_B3        
83    184   B3ING           
83    189   B3PLANE         
83    198   B3_JUNK         
84    100   W3              
84    101   W3BAR           
84    103   W3EXCLUD        
84    105   W3RV            
84    134   W3OBS           
84    135   W3FILL          
84    151   W3HOLE          
84    162   W3ESD_FINGER    
84    184   W3ING           
85    100   B4              
85    101   B4HOLE          
85    102   B4EXCLUD        
85    120   B4_NET          
85    122   B4_RES          
85    127	FILLKERNB4
85    132   B4PIN           
85    134   B4OBS           
85    135   B4FILL          
85    147   B4CHEXCL        
85    160   B4ESD           
85    162   B4ESD_FINGER    
85    180   VNCAP_B4        
85    184   B4ING           
85    189   B4PLANE         
85    198   B4_JUNK         
88    100   WT              
88    101   WTBAR           
88    103   WTEXCLUD
88    134   WTOBS           
88    151   WTHOLE          
88    162   WTESD_FINGER    
89    100   BA              
89    101   BAHOLE          
89    102   BAEXCLUD        
89    120   BA_NET          
89    122   BA_RES          
89    127	FILLKERNBA
89    132   BAPIN           
89    134   BAOBS           
89    135   BAFILL          
89    147   BACHEXCL        
89    160   BAESD           
89    162   BAESD_FINGER    
89    180   VNCAP_BA        
89    189   BAPLANE         
89    198   BA_JUNK         
90    100   WA              
90    101   WABAR           
90    103   WAEXCLUD
90    134   WAOBS           
90    151   WAHOLE          
90    162   WAESD_FINGER    
91    100   BB              
91    101   BBHOLE          
91    102   BBEXCLUD        
91    120   BB_NET          
91    122   BB_RES          
91    127	FILLKERNBB
91    132   BBPIN           
91    134   BBOBS           
91    135   BBFILL          
91    147   BBCHEXCL        
91    160   BBESD           
91    162   BBESD_FINGER    
91    180   VNCAP_BB        
91    189   BBPLANE         
91    198   BB_JUNK         
92    100   WB              
92    101   WBBAR           
92    103   WBEXCLUD
92    134   WBOBS           
92    162   WBESD_FINGER    
95    100   BD              
95    101   BDHOLE          
95    102   BDEXCLUD        
95    120   BD_NET          
95    122   BD_RES          
95    127	FILLKERNBD
95    132   BDPIN           
95    134   BDOBS           
95    135   BDFILL          
95    147   BDCHEXCL        
95    160   BDESD           
95    162   BDESD_FINGER    
95    189   BDPLANE         
95    198   BD_JUNK         
96    100   WD              
96    101   WDBAR           
96    162   WDESD_FINGER    
97    100   BE              
97    101   BEHOLE          
97    102   BEEXCLUD        
97    120   BE_NET          
97    122   BE_RES          
97    132   BEPIN           
97    135   BEFILL          
97    147   BECHEXCL        
97    160   BEESD           
97    162   BEESD_FINGER    
97    189   BEPLANE         
97    198   BE_JUNK         
101   250   KERFEXCL        
102   4     NEGMKS
102   5     POSMKS
102   10	FRAME
102   18    PROTECT     
102   27	FILLKERN    
102   28	FILLKERNFEOL
102   29	FILLKERNBEOL
102   34    ACUTE           
102   98    ACUTE_JUNK      
104   3     BFCUS           
106   42    NIXXR1          
106   43    NIXXR2          
110   100   YT              
110   101   YTBAR           
110   134   YTOBS           
110   151   YTHOLE          
110   162   YTESD_FINGER    
111   100   EA              
111   101   EAHOLE          
111   102   EAEXCLUD        
111   120   EA_NET          
111   122   EA_RES          
111    127	FILLKERNEA
111   132   EAPIN           
111   134   EAOBS           
111   135   EAFILL          
111   147   EACHEXCL        
111   160   EAESD           
111   162   EAESD_FINGER    
111   189   EAPLANE         
111   198   EA_JUNK         
112   100   YA              
112   101   YABAR           
112   134   YAOBS           
112   151   YAHOLE          
112   162   YAESD_FINGER    
113   100   EB              
113   101   EBHOLE          
113   102   EBEXCLUD        
113   120   EB_NET          
113   122   EB_RES          
113   127	FILLKERNEB
113   132   EBPIN           
113   134   EBOBS           
113   135   EBFILL          
113   147   EBCHEXCL        
113   160   EBESD           
113   162   EBESD_FINGER    
113   189   EBPLANE         
113   198   EB_JUNK         
115   0     N3              
115   20    N3_NET          
115   22    N3_RES          
115   32    N3PIN           
139   0     OA              
139   1     OAHOLE          
139   2     OAEXCLUD        
139   18    OATRANS         
139   20    OA_NET          
139   22    OA_RES          
139   32    OAPIN           
139   34    OAOBS           
139   35    OAFILL          
139   47    OACHEXCL        
139   84    OAING           
139   98    OA_JUNK         
141   0     JT              
141   1     JTBAR           
141   35    JTFILL          
141   51    JTHOLE          
141   62    JTESD_FINGER    
141   84    JTING           
142   0     JA              
142   1     JABAR           
152   0     BG              
152   1     BGHOLE          
152   2     BGEXCLUD        
152   20    BG_NET          
152   22    BG_RES          
152   32    BGPIN           
152   35    BGFILL          
152   47    BGCHEXCL        
152   89    BGPLANE         
152   98    BG_JUNK         
155   0     EZ
157   0     WE              
157   1     WEBAR           
174   0     NT              
174   1     NTBAR           
174   34    NTOBS           
174   35    NTFILL          
174   51    NTHOLE          
174   84    NTING           
183   0     LD              
183   2     LDEXCLUD        
183   18    LDTRANS
183   20    LD_NET          
183   22    LD_RES          
183   32    LDPIN           
183   34    LDOBS           
183   35    LDFILL          
183   60    LDESD           
183   62    LDESD_FINGER    
183   98    LD_JUNK         
200   200   LVS0            
200   201   LVS1            
200   202   LVS2            
200   203   LVS3            
200   204   LVS4            
200   205   LVS5            
200   206   LVS6            
200   207   LVS7            
200   208   LVS8            
200   209   LVS9            
200   210   LVS10           
200   211   LVS11           
200   212   LVS12           
200   213   LVS13           
200   214   LVS14           
200   215   LVS15           
200   216   LVS16           
200   217   LVS17           
200   218   LVS18           
200   219   LVS19           
200   220   LVS20           
200   221   LVS21           
200   222   LVS22           
200   223   LVS23           
200   224   LVS24           
200   225   ERC0            
200   226   ERC1            
200   227   ERC2            
200   228   ERC3            
200   229   ERC4            
200   230   ERC5            
200   231   ERC6            
200   232   ERC7            
200   233   ERC8            
200   234   ERC9            
200   235   ERC10           
200   236   ERC11           
200   237   ERC12           
200   238   ERC13           
200   239   ERC14           
200   240   ERC15           
200   241   ERC16           
200   245   ERC20           
200   246   ERC21           
200   247   ERC22           
200   248   ERC23           
200   249   ERC24           
201   0     JQ              
201   1     JQBAR           
201   35    JQFILL          
201   51    JQHOLE          
201   62    JQESD_FINGER    
201   84    JQING           
202   0     OI              
202   1     OIHOLE          
202   2     OIEXCLUD        
202   18    OITRANS
202   20    OI_NET          
202   22    OI_RES          
202   27    FILLKERNOI
202   32    OIPIN           
202   34    OIOBS           
202   35    OIFILL          
202   47    OICHEXCL        
202   60    OIESD           
202   62    OIESD_FINGER    
202   84    OIING           
202   98    OI_JUNK         
212   5     OVERLAPOBS      
212   7     HVTOBS          
212   9     MACROACLV       
212   16    ESDSCR_HBM      
212   21    TRANSMIS        
212   26    SRAM_A          
212   27    SRAM_B          
212   28    SRAM_C          
212   29    SRAM_PU         
212   30    SRAM_PD         
212   31    SRAM_PG         
212   32    ERAT_PU         
212   33    ERAT_PD         
212   34    ERAT_PG         
212   44    FZ
212   45    DIFFNCAP
212   94    STD_ROM         
212   98    SRAM_D          
212   99    SRAM_E          
212   100   SRAM_F          
212   101   SRAM_G          
212   121   PRBOUNDARY      
212   128   NAT             
212   129   SRAM_H          
212   130   SRAM_L          
212   137   JX              
212   138   JZ              
212   143   RZ              
212   148   VPNP            
212   151   HAVAR           
212   156   HVOLFET
212   182   LDFET
212   183   IZ
212   184   GZ
12    236   DIVPNP
200   250   CHRT_SIOTP
12	226	SH
200	52	BPNWR
200	50	NRES
62	23	HVFET_5V
200	53	PLY_SAL
200	54	DIFF_SAL
212	1	VNCAP2
61	110	VNCAPHV
212     152	"5VONLY"